data_name hcp
inverse data_name hcp
inverse data_name hcp
data_name hcp
inverse data_name hcp
inverse data_name hcp
data_name hcp
inverse data_name hcp
inverse data_name hcp
data_name hcp
inverse data_name hcp
inverse data_name hcp
data_name hcp
inverse data_name hcp
inverse data_name hcp
data_name hcp
inverse data_name hcp
inverse data_name hcp
data_name hcp
inverse data_name hcp
inverse data_name hcp
data_name hcp
inverse data_name hcp
inverse data_name hcp
data_name hcp
inverse data_name hcp
inverse data_name hcp
data_name hcp
inverse data_name hcp
inverse data_name hcp
data_name hcp
inverse data_name hcp
inverse data_name hcp
data_name hcp
inverse data_name hcp
inverse data_name hcp
data_name hcp
inverse data_name hcp
inverse data_name hcp
data_name hcp
inverse data_name hcp
inverse data_name hcp
data_name hcp
inverse data_name hcp
inverse data_name hcp
data_name hcp
inverse data_name hcp
inverse data_name hcp
data_name hcp
inverse data_name hcp
inverse data_name hcp
data_name hcp
inverse data_name hcp
inverse data_name hcp
data_name hcp
inverse data_name hcp
inverse data_name hcp
data_name hcp
inverse data_name hcp
inverse data_name hcp
data_name hcp
inverse data_name hcp
inverse data_name hcp
data_name hcp
inverse data_name hcp
inverse data_name hcp
data_name hcp
inverse data_name hcp
inverse data_name hcp
data_name hcp
inverse data_name hcp
inverse data_name hcp
data_name hcp
inverse data_name hcp
inverse data_name hcp
data_name hcp
inverse data_name hcp
inverse data_name hcp
data_name hcp
inverse data_name hcp
inverse data_name hcp
data_name hcp
inverse data_name hcp
inverse data_name hcp
data_name hcp
inverse data_name hcp
inverse data_name hcp
data_name hcp
inverse data_name hcp
inverse data_name hcp
data_name hcp
inverse data_name hcp
inverse data_name hcp
data_name hcp
inverse data_name hcp
inverse data_name hcp
data_name hcp
inverse data_name hcp
inverse data_name hcp
data_name hcp
inverse data_name hcp
inverse data_name hcp
data_name hcp
inverse data_name hcp
inverse data_name hcp
data_name hcp
inverse data_name hcp
inverse data_name hcp
data_name hcp
inverse data_name hcp
inverse data_name hcp
data_name hcp
inverse data_name hcp
inverse data_name hcp
data_name hcp
inverse data_name hcp
inverse data_name hcp
data_name hcp
inverse data_name hcp
inverse data_name hcp
data_name hcp
inverse data_name hcp
inverse data_name hcp
data_name hcp
inverse data_name hcp
inverse data_name hcp
data_name hcp
inverse data_name hcp
inverse data_name hcp
data_name hcp
inverse data_name hcp
inverse data_name hcp
data_name hcp
inverse data_name hcp
inverse data_name hcp
data_name hcp
inverse data_name hcp
inverse data_name hcp
data_name hcp
inverse data_name hcp
inverse data_name hcp
data_name hcp
inverse data_name hcp
inverse data_name hcp
data_name hcp
inverse data_name hcp
inverse data_name hcp
data_name hcp
inverse data_name hcp
inverse data_name hcp
data_name hcp
inverse data_name hcp
inverse data_name hcp
data_name hcp
inverse data_name hcp
inverse data_name hcp
data_name hcp
inverse data_name hcp
inverse data_name hcp
data_name hcp
inverse data_name hcp
inverse data_name hcp
data_name hcp
inverse data_name hcp
inverse data_name hcp
data_name hcp
inverse data_name hcp
inverse data_name hcp
data_name hcp
inverse data_name hcp
inverse data_name hcp
data_name hcp
inverse data_name hcp
inverse data_name hcp
data_name hcp
inverse data_name hcp
inverse data_name hcp
data_name hcp
inverse data_name hcp
inverse data_name hcp
data_name hcp
inverse data_name hcp
inverse data_name hcp
data_name hcp
inverse data_name hcp
inverse data_name hcp
data_name hcp
inverse data_name hcp
inverse data_name hcp
data_name hcp
inverse data_name hcp
inverse data_name hcp
data_name hcp
inverse data_name hcp
inverse data_name hcp
data_name hcp
inverse data_name hcp
inverse data_name hcp
data_name hcp
inverse data_name hcp
inverse data_name hcp
data_name hcp
inverse data_name hcp
inverse data_name hcp
data_name hcp
inverse data_name hcp
inverse data_name hcp
data_name hcp
inverse data_name hcp
inverse data_name hcp
data_name hcp
inverse data_name hcp
inverse data_name hcp
data_name hcp
inverse data_name hcp
inverse data_name hcp
data_name hcp
inverse data_name hcp
inverse data_name hcp
data_name hcp
inverse data_name hcp
inverse data_name hcp
data_name hcp
inverse data_name hcp
inverse data_name hcp
data_name hcp
inverse data_name hcp
inverse data_name hcp
data_name hcp
inverse data_name hcp
inverse data_name hcp
data_name hcp
inverse data_name hcp
inverse data_name hcp
data_name hcp
inverse data_name hcp
inverse data_name hcp
data_name hcp
inverse data_name hcp
inverse data_name hcp
data_name hcp
inverse data_name hcp
inverse data_name hcp
data_name hcp
inverse data_name hcp
inverse data_name hcp
data_name hcp
inverse data_name hcp
inverse data_name hcp
data_name hcp
inverse data_name hcp
inverse data_name hcp
data_name hcp
inverse data_name hcp
inverse data_name hcp
data_name hcp
inverse data_name hcp
inverse data_name hcp
data_name hcp
inverse data_name hcp
inverse data_name hcp
data_name hcp
inverse data_name hcp
inverse data_name hcp
data_name hcp
inverse data_name hcp
inverse data_name hcp
data_name hcp
inverse data_name hcp
inverse data_name hcp
data_name hcp
inverse data_name hcp
inverse data_name hcp
data_name hcp
inverse data_name hcp
inverse data_name hcp
data_name hcp
inverse data_name hcp
inverse data_name hcp
data_name hcp
inverse data_name hcp
inverse data_name hcp
data_name hcp
inverse data_name hcp
inverse data_name hcp
data_name hcp
inverse data_name hcp
inverse data_name hcp
data_name hcp
inverse data_name hcp
inverse data_name hcp
data_name hcp
inverse data_name hcp
inverse data_name hcp
data_name hcp
inverse data_name hcp
inverse data_name hcp
data_name hcp
inverse data_name hcp
inverse data_name hcp
data_name hcp
inverse data_name hcp
inverse data_name hcp
data_name hcp
inverse data_name hcp
inverse data_name hcp
data_name hcp
inverse data_name hcp
inverse data_name hcp
data_name hcp
inverse data_name hcp
inverse data_name hcp
data_name hcp
inverse data_name hcp
inverse data_name hcp
data_name hcp
inverse data_name hcp
inverse data_name hcp
data_name hcp
inverse data_name hcp
inverse data_name hcp
